<html>
<head>
  <meta charset="utf-8" />
  <title>Dashboard</title>
  <meta name="viewport" content="width=device-width, initial-scale=1">
    <link rel="apple-touch-icon-precomposed" href="http://placekitten.com/g/152/152">
    <link rel="icon" href="http://placekitten.com/g/152/152">
</head>
<body class="dashboards">
  <h1>Dashboards</h1>
    <ul>
        <li><a href="/users">Users</a></li>
        <li><a href="/performance">Performance</a></li>
        <li><a href="/errors">App Errors</a></li>
        <li><a href="/randomdata">Random Data</a></li>
        <li><a href="/requeststuff">Request Stuffs</a></li>
        <li><a href="/daily">Daily</a></li>
    </ul>

</body>
</html>
