<html>
<head>
  <meta charset="utf-8" />
  <title>Users</title>
  <meta name="viewport" content="width=device-width, initial-scale=1">
    <link rel="apple-touch-icon-precomposed" href="http://placekitten.com/g/152/152">
    <link rel="icon" href="http://placekitten.com/g/152/152">
</head>
<body class="dashboard">
  <h1>Users</h1>
  <a class="view-all" href="/">View All Dashboards</a>
    <div class="metrics">
        <h3>Admin</h3>
      <table>
        <thead>
          <tr>
              <th>Name</th>
              <th>Total</th>
          </tr>
        </thead>
        <tbody>
            <tr>
                <td>Admin Users</td>
                <td>12</td>
            </tr>
        </tbody>
      </table>
    </div>    <div class="metrics">
        <h3>User</h3>
      <table>
        <thead>
          <tr>
              <th>Name</th>
              <th>Total</th>
          </tr>
        </thead>
        <tbody>
            <tr>
                <td>Normal Users</td>
                <td>2734</td>
            </tr>
            <tr>
                <td>Banned Users</td>
                <td>1</td>
            </tr>
        </tbody>
      </table>
    </div>
</body>
</html>
